﻿
> sunhacks-demo@0.0.0 build
> vite build

[36mvite v6.4.2 [32mbuilding for production...[36m[39m
transforming...
[32mΓ£ô[39m 1898 modules transformed.
node.exe : [31mΓ£ù[39m Build failed 
in 5.67s
At line:1 char:1
+ & "C:\Program Files\nodejs/node.exe" 
"C:\Program Files\nodejs/node_mo ...
+ ~~~~~~~~~~~~~~~~~~~~~~~~~~~~~~~~~~~~~
~~~~~~~~~~~~~~~~~~~~~~~~~~~~~~~~
    + CategoryInfo          : NotSpeci 
   fied: ([31mΓ£ù[39m Build failed   
  in 5.67s:String) [], RemoteExcepti   
 on
    + FullyQualifiedErrorId : NativeCo 
   mmandError
 
[31merror during build:
[31msrc/components/RemediationModal.js
x (2:31): "FiCheckShield" is not 
exported by "node_modules/react-icons/f
i/index.mjs", imported by "src/componen
ts/RemediationModal.jsx".[31m
file: [36mD:/My Project/TeamSamay/BugS
entry-Console/src/components/Remediatio
nModal.jsx:2:31[31m
[33m
1: import React from 'react';
2: import { FiX, FiAlertTriangle, 
FiCheckShield, FiFileText, FiCopy, 
FiTrash2 } from 'react-icons/fi';
                                  ^
3: import { ChatMessage } from 
'./ChatComponents';
[31m
    at getRollupError (file:///D:/My%20
Project/TeamSamay/BugSentry-Console/nod
e_modules/rollup/dist/es/shared/parseAs
t.js:406:41)
    at error (file:///D:/My%20Project/T
eamSamay/BugSentry-Console/node_modules
/rollup/dist/es/shared/parseAst.js:402:
42)
    at Module.error (file:///D:/My%20Pr
oject/TeamSamay/BugSentry-Console/node_
modules/rollup/dist/es/shared/node-entr
y.js:17380:16)
    at Module.traceVariable (file:///D:
/My%20Project/TeamSamay/BugSentry-Conso
le/node_modules/rollup/dist/es/shared/n
ode-entry.js:17813:29)
    at ModuleScope.findVariable (file:/
//D:/My%20Project/TeamSamay/BugSentry-C
onsole/node_modules/rollup/dist/es/shar
ed/node-entry.js:15403:39)
    at FunctionScope.findVariable (file
:///D:/My%20Project/TeamSamay/BugSentry
-Console/node_modules/rollup/dist/es/sh
ared/node-entry.js:5676:38)
    at FunctionBodyScope.findVariable (
file:///D:/My%20Project/TeamSamay/BugSe
ntry-Console/node_modules/rollup/dist/e
s/shared/node-entry.js:5676:38)
    at Identifier.bind (file:///D:/My%2
0Project/TeamSamay/BugSentry-Console/no
de_modules/rollup/dist/es/shared/node-e
ntry.js:5450:40)
    at CallExpression.bind (file:///D:/
My%20Project/TeamSamay/BugSentry-Consol
e/node_modules/rollup/dist/es/shared/no
de-entry.js:2828:28)
    at CallExpression.bind (file:///D:/
My%20Project/TeamSamay/BugSentry-Consol
e/node_modules/rollup/dist/es/shared/no
de-entry.js:12512:15)[39m
